 vsource.Sub = \
 tversion.o \
 parmchk1.o \
 abexit.o \
 parwrt.o \
 stepon.o \
 advanc.o \
 advanp.o \
 advan23.o \
 eped1_fb.o \
 tped_fb.o \
 efield.o \
 rscale.o \
 tstep.o \
 icalc.o \
 ohmcalc.o \
 sawrad.o \
 qget.o \
 resist.o \
 ener2d.o \
 boundc.o \
 auxdef.o \
 limpsi.o \
 delpdef.o \
 rsmod.o \
 shapenp.o \
 moments.o \
 elliptic.o \
 facr.o \
 iterate.o \
 bounda.o \
 plfluxb.o \
 gf.o \
 grnfncv.o \
 gradgf.o \
 gvect.o \
 init.o \
 define.o \
 readcard.o \
 writcard.o \
 pltcard.o \
 rstrt1.o \
 defolt.o \
 setup.o \
 multipol.o \
 fieldc.o \
 multip2.o \
 zero.o \
 curinit.o \
 feednorm.o \
 eqwrite.o \
 vplot.o \
 arrow.o \
 outpr1.o \
 outpts.o \
 wrpest.o \
 groupcur.o \
 outpl.o \
 xptplt.o \
 dplplt.o \
 sumplotros.o \
 sumplot2.o \
 coildr.o \
 saveit.o \
 plotobs.o \
 fitls.o \
 dif1.o \
 disk.o \
 wplot.o \
 savprof.o \
 voltl.o \
 xlimits.o \
 deneval.o \
 surfplot.o \
tempplot.o \
 surfplt2.o \
 surfplot3.o \
 shape.o \
 setold.o \
 setld.o \
 crtbcd.o \
 frscj.o \
 limits.o \
 fcwire.o \
 fcplwall.o \
 jpolo.o \
 sumwft.o \
 sumwfp.o \
 pathfind.o \
 getemp.o \
 fwout.o \
 prarray.o \
 ivvpol.o \
 initeq.o \
 newj2.o \
 qcalc.o \
 flxvol.o \
 grap.o \
 magaxis.o \
 axm2d2.o \
 geval.o \
 defjdb.o \
 tieval.o \
 defcoef.o \
 advsfa.o \
 metricw.o \
 getrho.o \
 sfilfx.o \
 amutlrc.o \
 selfrc.o \
 tquit.o \
 fluxcal.o \
 timedate.o \
 gtextm.o \
 peval.o \
 eeval.o \
 seval.o \
 bufout.o \
 bufin.o \
 bufouti.o \
 bufini.o \
 bootstrap.o \
 lhwrite.o \
 kcoppi.o \
 cirequ.o \
 gaps.o \
 volt.o \
 globe.o \
 gaps2.o \
 ff.o \
 pinterp.o \
 volt2.o \
 fcnh.o \
 pbxvv.o \
 appvolt2.o \
 sprop.o \
 grap3.o \
 grap2.o \
 vvexc1.o \
 fixshape.o \
 svdcmp.o \
 svbksb.o \
 iterbp.o \
 gaps3.o \
 fieldg.o \
 boxax.o \
 ticdraw.o \
 cplot.o \
 edgesource.o \
 densplot.o \
 alphaplot.o \
 scalea.o \
 splinfit.o \
 vvexc.o \
 ufstore.o \
 dumpdat.o \
 diagbol.o \
 alamf.o \
 extfield.o \
 residcal.o \
 diag.o \
 sumplot.o \
 newinput.o \
 ufwr2d.o \
 ufwr1d.o \
 shapex.o \
 porcelli.o \
 sawdata.o \
 sawdraw.o \
 moviedata.o \
 pack.o \
 packi.o \
 movieerr.o \
 oneplot.o \
 disrupt.o \
 firevv.o \
 coppi.o \
 buf_in.o \
 buf_ini.o \
 buf_out.o \
 buf_outi.o \
 problem_size.o \
 allocate_arrays.o \
 alloc_arrays.o \
 alloc_balcli.o \
 alloc_balcom1.o \
 alloc_cb.o \
 alloc_cbsvd.o \
 alloc_cintg.o \
 alloc_clinam.o \
 alloc_comsta.o \
 alloc_comwoy.o \
 alloc_decom.o \
 alloc_dercom.o \
 alloc_diagcom.o \
 alloc_eqruns.o \
 alloc_feed.o \
 alloc_fixshp.o \
 alloc_fvv1.o \
 alloc_geopar.o \
 alloc_glf.o \
 alloc_impcom.o \
 alloc_iter1.o \
 alloc_loop1.o \
 alloc_newplot.o \
 alloc_noncor.o \
 alloc_polcur.o \
 alloc_probe1.o \
 alloc_profcom.o \
 alloc_runaway.o \
 alloc_s50com.o \
 alloc_saprop.o \
 alloc_sawcom.o \
 alloc_scadvan.o \
 alloc_scr10.o \
 alloc_scr11.o \
 alloc_scr12a.o \
 alloc_scr12b.o \
 alloc_scr12c.o \
 alloc_scr13.o \
 alloc_scr14.o \
 alloc_scr15.o \
 alloc_scr16.o \
 alloc_scr17.o \
 alloc_scr1.o \
 alloc_scr21.o \
 alloc_scr22.o \
 alloc_scr23.o \
 alloc_scr3.o \
 alloc_scr4.o \
 alloc_scr5.o \
 alloc_scr6.o \
 alloc_scr7.o \
 alloc_scr8.o \
 alloc_scr9.o \
 alloc_scratch.o \
 alloc_specie.o \
 alloc_svdcom.o \
 alloc_tcvcom.o \
 alloc_wallcl.o \
 alloc_wallp.o \
 alloc_worka.o \
 dealloc_arrays.o \
 dealloc_balcli.o \
 dealloc_balcom1.o \
 dealloc_cb.o \
 dealloc_cbsvd.o \
 dealloc_cintg.o \
 dealloc_clinam.o \
 dealloc_comsta.o \
 dealloc_comwoy.o \
 dealloc_decom.o \
 dealloc_dercom.o \
 dealloc_diagcom.o \
 dealloc_eqruns.o \
 dealloc_feed.o \
 dealloc_fixshp.o \
 dealloc_fvv1.o \
 dealloc_geopar.o \
 dealloc_glf.o \
 dealloc_impcom.o \
 dealloc_iter1.o \
 dealloc_loop1.o \
 dealloc_newplot.o \
 dealloc_noncor.o \
 dealloc_polcur.o \
 dealloc_probe1.o \
 dealloc_profcom.o \
 dealloc_runaway.o \
 dealloc_s50com.o \
 dealloc_saprop.o \
 dealloc_sawcom.o \
 dealloc_scadvan.o \
 dealloc_scr10.o \
 dealloc_scr11.o \
 dealloc_scr12a.o \
 dealloc_scr12b.o \
 dealloc_scr12c.o \
 dealloc_scr13.o \
 dealloc_scr14.o \
 dealloc_scr15.o \
 dealloc_scr16.o \
 dealloc_scr17.o \
 dealloc_scr1.o \
 dealloc_scr21.o \
 dealloc_scr22.o \
 dealloc_scr23.o \
 dealloc_scr3.o \
 dealloc_scr4.o \
 dealloc_scr5.o \
 dealloc_scr6.o \
 dealloc_scr7.o \
 dealloc_scr8.o \
 dealloc_scr9.o \
 dealloc_scratch.o \
 dealloc_specie.o \
 dealloc_svdcom.o \
 dealloc_tcvcom.o \
 dealloc_wallcl.o \
 dealloc_wallp.o \
 dealloc_worka.o  

