 vsource.Sub = \
 module_hacomm.o \
 module_hatch.o \
 module_q7quad.o \
 module_tgcblk.o \
 module_tgchar.o \
 module_tgcolr.o \
 module_tgmap.o \
 module_tgpnts.o \
 module_tvaxis.o \
 module_tvgxx1.o \
 module_tvgxx2.o \
 module_tvmap1.o \
 acontr.o \
 rcontr.o \
 contur.o \
 xcontr.o \
 lcurvs.o \
 q7plot.o \
 q8plot.o \
 line4.o \
 setcrt4.o \
 vector4.o \
 point4.o \
 points4.o \
 gaxisa.o \
 gaxisf.o \
 gaxisi.o \
 gaxdrw.o \
 bdta0001.o \
 hatch.o \
 hatchunm.o \
 hatchmap.o \
 mapdrw.o \
 log10a.o \
 inta.o \
 icomp.o \
 maplab.o \
 setusr.o \
 setvpt.o \
 taxis.o \
 tgchset.o \
 tgchclip.o \
 setch.o \
 setlch.o \
 gtext.o \
 wrtstr.o \
 plote.o \
 plotea.o \
 endpl.o \
 frame.o \
 colori.o \
 colora.o \
 tginit.o \
 tgreset.o \
 tgdefs.o \
 setcrt.o \
 vector.o \
 tgflush.o \
 line.o \
 linep.o \
 point.o \
 points.o \
 pointc.o \
 trace.o \
 tracep.o \
 tracec.o \
 setpch.o \
 plotv.o \
 tggetmap.o \
 tgsetmap.o \
 tgchkmap.o \
 map.o \
 mapll.o \
 mapsl.o \
 mapls.o \
 maps.o \
 mapsll.o \
 mapssl.o \
 mapsls.o \
 mapg.o \
 mapgll.o \
 mapgsl.o \
 mapgls.o \
 mapx.o \
 mapp.o \
 maplog.o \
 dders.o \
 ncarcgm.o \
 gstat.o \
 cntxy.o \
 init2d.o \
 tran2d.o \
 scal2d.o \
 rot2d.o \
 center.o \
 catmat.o \
 makidmat.o \
 multmat.o \
 cartmm.o \
 tgtoup.o \
 tgtolow.o \
 clnxy.o \
 cufxy.o \
 culxy.o \
 tgerror.o \
 tgisfont.o \
 cgmbin.o \
 tgopen.o 
