 vsource.Sub = \
 AccesiSB.o \
 AcDcBk.o \
 airy.o \
 blockcpy.o \
 BounceIt.o \
 BounShft.o \
 BrambJES.o \
 BrodCast.o \
 bsi0.o \
 bsi1.o \
 convolve.o \
 ddtNrnJrn.o \
 DispRela.o \
 DolAtEnd.o \
 DoRay.o \
 Dql6Norm.o \
 DqlClear.o \
 DqlGen.o \
 DqlInit.o \
 E2byPr.o \
 eps.o \
 EZnorm.o \
 EZrnd2.o \
 EZrndu.o \
 FastFrac.o \
 FeArrays.o \
 FeAt0.o \
 FeCalc.o \
 FeConst.o \
 FeConvrg.o \
 FeCvecs.o \
 FeInit.o \
 FeMaxw.o \
 FeMinus.o \
 FeMkNorm.o \
 FePlus.o \
 FePrime.o \
 FePrU.o \
 FeWeight.o \
 Find4Dmp.o \
 FirstPas.o \
 ftion.o \
 GePlPar.o \
 GetEdc.o \
 GetKscat.o \
 Giruzzi.o \
 GNbars.o \
 GNcros.o \
 GNcurD.o \
 GNcurv.o \
 GNdra.o \
 GNfini.o \
 GNfinL.o \
 GNinit.o \
 GNlist.o \
 GNpnt2.o \
 GNpntD.o \
 GNpnts.o \
 GNsets.o \
 GNtitl.o \
 GNwrit.o \
 GNzero.o \
 GrafFixP.o \
 GrafParm.o \
 grapLSC.o \
 grnu1d.o \
 grrg1d.o \
 GtKcyTim.o \
 huntnr.o \
 invert.o \
 JdepCalc.o \
 JdepFromTSC.o \
 jnorm.o \
 JrfDiagn.o \
 JsplCalc.o \
 KeepGood.o \
 laguernr.o \
 linr1d.o \
 LowOf1.o \
 LSCendr.o \
 LSC.o \
 LSCPause.o \
 LSCstop.o \
 LSCtrace.o \
 LSCwarn.o \
 matiwr.o \
 matrwr.o \
 MaxOfAry.o \
 MinOfAry.o \
 MiscInit.o \
 mkdelv.o \
 mkdvp.o \
 MkGrfLst.o \
 mkgrids.o \
 mkj.o \
 mkqlsm.o \
 mkvinv.o \
 mkVth.o \
 NoPlots.o \
 PdepCalc.o \
 PikSr2NR.o \
 PikSrtNR.o \
 PitchPrf.o \
 PJrfIgrl.o \
 plasma1d.o \
 plasma2d.o \
 PlRay.o \
 plsgrd.o \
 Plt6Norm.o \
 PredcLSC.o \
 ProfInit.o \
 PrtOut.o \
 psigrids.o \
 PsiSur.o \
 pSmoUnsm.o \
 PwrDiagn.o \
 RampPwr.o \
 ran3.o \
 RayDamp.o \
 RayIni.o \
 RdRay.o \
 rdTSC.o \
 RdVars.o \
 REAL.o \
 RfDamp.o \
 RfHeat.o \
 rspwr.o \
 RungeLSC.o \
 RunProb.o \
 RyZnInit.o \
 setiofl.o \
 setpwrl.o \
 SmoJandP.o \
 Smooth.o \
 SmoothJrf.o \
 SpecInit.o \
 spectrum.o \
 SpShape.o \
 svmult.o \
 tridiaNR.o \
 TSCtimes.o \
 ugridEXC.o \
 ugrid.o \
 ValInit.o \
 VecDmp.o \
 VecIMnMx.o \
 VecMnMx.o \
 vecnorm.o \
 vgrids.o \
 viwrite.o \
 VmaxCalc.o \
 VolCalc.o \
 vsum.o \
 vwrite.o \
 WhchRoot.o \
 Wr2TSC.o \
 WrRay.o \
 WsloDwn.o \
 WsloPrm.o \
 WsloPrmZ.o \
 zplrcnr.o \
 zrootsnr.o 
