 vmodule.Sub = \
 module_param.o \
 module_clinam.o \
 module_scratch.o \
 module_balcli.o \
 module_comsta.o \
 module_comwoy.o \
 module_fixshp.o \
 module_fvv1.o \
 module_impcom.o \
 module_noncor.o \
 module_polcur.o \
 module_spdmod.o \
 module_radtab.o \
 module_runaway.o \
 module_s50com.o \
 module_saprop.o \
 module_scadvan.o \
 module_scr1.o \
 module_scr10.o \
 module_scr11.o \
 module_scr12a.o \
 module_scr12b.o \
 module_scr12c.o \
 module_scr13.o \
 module_scr14.o \
 module_scr15.o \
 module_scr16.o \
 module_scr17.o \
 module_scr21.o \
 module_scr22.o \
 module_scr23.o \
 module_scr3.o \
 module_scr4.o \
 module_scr5.o \
 module_scr6.o \
 module_scr7.o \
 module_scr8.o \
 module_scr9.o \
 module_specie.o \
 module_svdcom.o \
 module_tcvcom.o \
 module_wallcl.o \
 module_wallp.o \
 module_worka.o \
 module_feed.o \
 module_balcom1.o \
 module_diagcom.o \
 module_arrays.o \
 module_loop1.o \
 module_probe1.o \
 module_decom.o \
 module_dercom.o \
 module_cb.o \
 module_glf.o 
